1-
sudo useradd -m -s /bin/bash user1
sudo passwd user1

sudo useradd -m -s /bin/bash user2
sudo passwd user2

sudo useradd -m -s /bin/bash user3
sudo passwd user3

sudo useradd -m -s /bin/bash user4
sudo passwd user4

sudo useradd -m -s /bin/bash user5
sudo passwd user5

sudo useradd -m -s /bin/bash user6
sudo passwd user6

sudo useradd -m -s /bin/bash user7
sudo passwd user7

2-

[gehad@localhost ~]$ sudo groupadd -g 10000 sales
[sudo] password for gehad: 
[gehad@localhost ~]$ sudo groupadd -g 10001 hr
[gehad@localhost ~]$ sudo groupadd -g 10002 web

Consistency: By setting GIDs explicitly, you ensure consistency across different systems.
setting GIDs manually ensures compatibility and smooth integration with external systems.
reduce the chance of conflicts.

3-
[gehad@localhost ~]$ sudo usermod -aG sales user1 user2
[gehad@localhost ~]$ sudo usermod -aG hr user3 user4
[gehad@localhost ~]$ sudo usermod -aG web user5 user6
[gehad@localhost ~]$ sudo usermod -aG sales,hr,web user7


4-
[gehad@localhost ~]$ id user1
uid=1002(user1) gid=1002(user1) groups=1002(user1)
[gehad@localhost ~]$ id user2
uid=1003(user2) gid=1003(user2) groups=1003(user2)
[gehad@localhost ~]$ id user3
uid=1004(user3) gid=1004(user3) groups=1004(user3)
[gehad@localhost ~]$ id user4
uid=1005(user4) gid=1005(user4) groups=1005(user4)
[gehad@localhost ~]$ id user5
uid=1006(user5) gid=1006(user5) groups=1006(user5)
[gehad@localhost ~]$ id user6
uid=1007(user6) gid=1007(user6) groups=1007(user6)
[gehad@localhost ~]$ id user7
uid=1008(user7) gid=1008(user7) groups=1008(user7),10000(sales),10001(hr),10002(web)
another way 
[gehad@localhost ~]$ grep 'sales' /etc/group
sales:x:10000:user7
[gehad@localhost ~]$ grep 'hr' /etc/group
chrony:x:979:
hr:x:10001:user7
[gehad@localhost ~]$ grep 'web' /etc/group
web:x:10002:user7


5-
[gehad@localhost ~]$ sudo mkdir -p /depts/{sales,hr,web}

6-

7-
[gehad@localhost ~]$ sudo chmod 755 /depts
[gehad@localhost ~]$ sudo chmod 770 /depts/sales /depts/hr /depts/web

8-
[gehad@localhost ~]$ sudo chmod g+s /depts/*

9-
su - user2
[user2@localhost ~]$ touch /depts/hr/ user2.txt 
touch: setting times of '/depts/hr/': Permission denied
[user2@localhost ~]$ sudo touch /depts/hr/ user2.txt
[user2@localhost ~]$ sudo touch /depts/web/ user2.txt 
[sudo] password for user2: 
user2 is not in the sudoers file.  This incident will be reported.


10-
[gehad@localhost ~]$ sudo visudo
user3 ALL=(root) /bin/mount, /bin/umount
user4 ALL=(root) /bin/mount, /bin/umount
user5 ALL=(root) /sbin/fdisk


11-
[user3@localhost ~]$ sudo umount /boot
[user4@localhost ~]$ sudo umount /boot

12-
[user4@localhost ~]$ sudo mount -o remount /boot
[user4@localhost ~]$ sudo fdisk -l

13-
[user4@localhost ~]$ mkdir dir
[user4@localhost ~]$ chmod 770 dir
[user4@localhost ~]$ chmod g+rX dir
[user4@localhost ~]$ ls -l
total 0
drwxrwx---. 2 user4 user4 6 Feb 11 16:04 dir


14-
[user4@localhost ~]$ touch dir/file
[user4@localhost ~]$ chmod g+rw dir/file
15-
[user4@localhost ~]$ chmod g+s dir


16-
[gehad@localhost ~]$ sudo mkdir -p /opt/research
[sudo] password for gehad: 
[gehad@localhost ~]$ sudo chown root:root /opt/research



[gehad@localhost ~]$ sudo chmod 770 /opt/research
[gehad@localhost ~]$ sudo chmod g+s /opt/research
[gehad@localhost ~]$ sudo chmod g+w /opt/research
[gehad@localhost ~]$ sudo chmod 660 /opt/research
[gehad@localhost ~]$ sudo setfacl -d -m group:profs:rw /opt/research
[gehad@localhost ~]$ sudo setfacl -d -m group:grads:rw /opt/research
[gehad@localhost ~]$ sudo setfacl -d -m group:interns:r /opt/research
[gehad@localhost ~]$ sudo setfacl -m g:grads:rwX /opt/research
[gehad@localhost ~]$ sudo setfacl grads:rwX /opt/research


17-
sudo nano /etc/selinux/config
SELINUX=permissive
sudo reboot

18-
sestatus

19-
SELINUX=enforcing

20-
sudo setenforce 1


21-
[gehad@localhost ~]$ sudo cp /etc/resolv.conf /root/

23-
sudo mv /root/resolv.conf /etc/resolv.conf
24-
[gehad@localhost ~]$ ls -Z /etc/resolv.conf
system_u:object_r:net_conf_t:s0 /etc/resolv.conf




